projects/amazon-trend-analyzer/qb_chunks/page_012_skip012000.csv
ASIN Buyability Flag,asin_status,CVR%,revenue,asp,units,gv,Images #,Videos #,Has A+ Content,Buybox Winner,Average Rating,Number of Ratings,bb_price,Ad CTR%,Ad CVR%,bsr,brand,Ad CPC$,ASIN (Description),Update Type,Sold By Amazon,Has Coupon?,Has Store Link?,In Stock Today?,category,Sellable On Hand Units,asin,date,Ad Cost,Ad Sales,Ad Clicks,Ad Impressions,Ad Conversions
In Stock,ACTIVE,0.217,262.0,7.49,35.0,161.0,5.0,0.0,True,,4.6,2398.0,7.49,,,11.0,Gladware,,"B00LO2IRSK (Gladware Everyday - Mini 4oz, Mini Round, 8ct (BBP35043))",[],True,False,True,True,Food Protection,9326.0,B00LO2IRSK,2025-07-18,,,,,
In Stock,ACTIVE,0.167,225.0,7.49,30.0,180.0,5.0,0.0,True,,4.6,2398.0,7.49,,,11.0,Gladware,,"B00LO2IRSK (Gladware Everyday - Mini 4oz, Mini Round, 8ct (BBP35043))",[],True,False,True,True,Food Protection,9359.0,B00LO2IRSK,2025-07-17,,,,,
In Stock,ACTIVE,0.212,379.0,7.43,51.0,241.0,5.0,0.0,True,,4.6,2397.0,7.49,,,11.0,Gladware,,"B00LO2IRSK (Gladware Everyday - Mini 4oz, Mini Round, 8ct (BBP35043))",[],True,False,True,True,Food Protection,9398.0,B00LO2IRSK,2025-07-16,,,,,
In Stock,ACTIVE,0.373,543.0,6.47,84.0,225.0,5.0,0.0,True,,4.6,2396.0,7.49,,,12.0,Gladware,,"B00LO2IRSK (Gladware Everyday - Mini 4oz, Mini Round, 8ct (BBP35043))",[],True,False,True,True,Food Protection,9420.0,B00LO2IRSK,2025-07-15,,,,,
In Stock,ACTIVE,0.176,265.0,7.37,36.0,205.0,5.0,0.0,True,,4.6,2395.0,7.49,,,20.0,Gladware,,"B00LO2IRSK (Gladware Everyday - Mini 4oz, Mini Round, 8ct (BBP35043))",[],True,False,True,True,Food Protection,9524.0,B00LO2IRSK,2025-07-14,,,,,
In Stock,ACTIVE,0.177,352.0,7.49,47.0,265.0,5.0,0.0,True,,4.6,2395.0,7.49,,,29.0,Gladware,,"B00LO2IRSK (Gladware Everyday - Mini 4oz, Mini Round, 8ct (BBP35043))",[],True,False,True,True,Food Protection,9585.0,B00LO2IRSK,2025-07-13,,,,,
In Stock,ACTIVE,0.206,307.0,7.49,41.0,199.0,5.0,0.0,True,,4.6,2395.0,7.49,,,22.0,Gladware,,"B00LO2IRSK (Gladware Everyday - Mini 4oz, Mini Round, 8ct (BBP35043))",[],True,False,True,True,Food Protection,9626.0,B00LO2IRSK,2025-07-12,,,,,
In Stock,ACTIVE,0.157,242.0,7.32,33.0,210.0,5.0,0.0,True,,4.6,2394.0,7.49,,,18.0,Gladware,,"B00LO2IRSK (Gladware Everyday - Mini 4oz, Mini Round, 8ct (BBP35043))",[],True,False,True,True,Food Protection,9677.0,B00LO2IRSK,2025-07-11,,,,,
In Stock,ACTIVE,0.217,345.0,7.49,46.0,212.0,5.0,0.0,True,,4.6,2394.0,7.49,,,15.0,Gladware,,"B00LO2IRSK (Gladware Everyday - Mini 4oz, Mini Round, 8ct (BBP35043))",[],True,False,True,True,Food Protection,9693.0,B00LO2IRSK,2025-07-10,,,,,
In Stock,ACTIVE,0.214,457.0,7.49,61.0,285.0,5.0,0.0,True,,4.6,2394.0,10.2,,,9.0,Gladware,,"B00LO2IRSK (Gladware Everyday - Mini 4oz, Mini Round, 8ct (BBP35043))",[],True,False,True,True,Food Protection,9719.0,B00LO2IRSK,2025-07-09,,,,,
In Stock,ACTIVE,0.214,461.0,9.81,47.0,220.0,5.0,0.0,True,,4.6,2393.0,10.53,,,9.0,Gladware,,"B00LO2IRSK (Gladware Everyday - Mini 4oz, Mini Round, 8ct (BBP35043))",[],True,False,True,True,Food Protection,9766.0,B00LO2IRSK,2025-07-08,,,,,
In Stock,ACTIVE,0.12,239.0,10.4,23.0,192.0,5.0,0.0,True,,4.6,2393.0,10.53,,,8.0,Gladware,,"B00LO2IRSK (Gladware Everyday - Mini 4oz, Mini Round, 8ct (BBP35043))",[],True,False,True,True,Food Protection,9816.0,B00LO2IRSK,2025-07-07,,,,,
In Stock,ACTIVE,0.095,221.0,10.53,21.0,221.0,5.0,0.0,True,,4.6,2391.0,10.53,,,8.0,Gladware,,"B00LO2IRSK (Gladware Everyday - Mini 4oz, Mini Round, 8ct (BBP35043))",[],True,False,True,True,Food Protection,9847.0,B00LO2IRSK,2025-07-06,,,,,
In Stock,ACTIVE,0.132,242.0,10.53,23.0,174.0,5.0,0.0,True,,4.6,2390.0,10.53,,,9.0,Gladware,,"B00LO2IRSK (Gladware Everyday - Mini 4oz, Mini Round, 8ct (BBP35043))",[],True,False,True,True,Food Protection,9871.0,B00LO2IRSK,2025-07-05,,,,,
In Stock,ACTIVE,0.128,200.0,10.53,19.0,149.0,5.0,0.0,True,,4.6,2390.0,10.53,,,10.0,Gladware,,"B00LO2IRSK (Gladware Everyday - Mini 4oz, Mini Round, 8ct (BBP35043))",[],True,False,True,True,Food Protection,9902.0,B00LO2IRSK,2025-07-04,,,,,
In Stock,ACTIVE,0.185,302.0,10.43,29.0,157.0,5.0,0.0,True,,4.6,2390.0,10.53,,,11.0,Gladware,,"B00LO2IRSK (Gladware Everyday - Mini 4oz, Mini Round, 8ct (BBP35043))",[],True,False,True,True,Food Protection,9908.0,B00LO2IRSK,2025-07-03,,,,,
In Stock,ACTIVE,0.177,271.0,10.41,26.0,147.0,5.0,0.0,True,,4.6,2390.0,10.53,,,11.0,Gladware,,"B00LO2IRSK (Gladware Everyday - Mini 4oz, Mini Round, 8ct (BBP35043))",[],True,False,True,True,Food Protection,9926.0,B00LO2IRSK,2025-07-02,,,,,
In Stock,ACTIVE,0.123,205.0,10.23,20.0,162.0,5.0,0.0,True,,4.6,2390.0,10.53,,,10.0,Gladware,,"B00LO2IRSK (Gladware Everyday - Mini 4oz, Mini Round, 8ct (BBP35043))",[],True,False,True,True,Food Protection,9958.0,B00LO2IRSK,2025-07-01,,,,,
In Stock,ACTIVE,0.19,347.0,10.21,34.0,179.0,5.0,0.0,True,,4.6,2390.0,9.44,,,7.0,Gladware,,"B00LO2IRSK (Gladware Everyday - Mini 4oz, Mini Round, 8ct (BBP35043))",[],True,False,True,True,Food Protection,9962.0,B00LO2IRSK,2025-06-30,,,,,
In Stock,ACTIVE,0.131,217.0,9.44,23.0,176.0,5.0,0.0,True,,4.6,2389.0,9.44,,,7.0,Gladware,,"B00LO2IRSK (Gladware Everyday - Mini 4oz, Mini Round, 8ct (BBP35043))",[],True,False,True,True,Food Protection,10017.0,B00LO2IRSK,2025-06-29,,,,,
In Stock,ACTIVE,0.205,387.0,9.44,41.0,200.0,5.0,0.0,True,,4.6,2389.0,9.44,,,8.0,Gladware,,"B00LO2IRSK (Gladware Everyday - Mini 4oz, Mini Round, 8ct (BBP35043))",[],True,False,True,True,Food Protection,10016.0,B00LO2IRSK,2025-06-28,,,,,
In Stock,ACTIVE,0.266,444.0,9.44,47.0,177.0,5.0,0.0,True,,4.6,2389.0,9.44,,,7.0,Gladware,,"B00LO2IRSK (Gladware Everyday - Mini 4oz, Mini Round, 8ct (BBP35043))",[],True,False,True,True,Food Protection,10050.0,B00LO2IRSK,2025-06-27,,,,,
In Stock,ACTIVE,0.129,219.0,9.13,24.0,186.0,5.0,0.0,True,,4.6,2388.0,9.44,,,6.0,Gladware,,"B00LO2IRSK (Gladware Everyday - Mini 4oz, Mini Round, 8ct (BBP35043))",[],True,False,True,True,Food Protection,10088.0,B00LO2IRSK,2025-06-26,0.0,0.0,0.0,0.0,0.0
In Stock,ACTIVE,0.142,229.0,9.52,24.0,169.0,5.0,0.0,True,,4.6,2387.0,9.44,,,6.0,Gladware,,"B00LO2IRSK (Gladware Everyday - Mini 4oz, Mini Round, 8ct (BBP35043))",[],True,False,True,True,Food Protection,10091.0,B00LO2IRSK,2025-06-25,,,,,
In Stock,ACTIVE,0.212,387.0,9.44,41.0,193.0,5.0,0.0,True,,4.6,2387.0,9.44,,,6.0,Gladware,,"B00LO2IRSK (Gladware Everyday - Mini 4oz, Mini Round, 8ct (BBP35043))",[],True,False,True,True,Food Protection,10124.0,B00LO2IRSK,2025-06-24,,,,,
In Stock,ACTIVE,0.226,416.0,9.45,44.0,195.0,5.0,10.0,True,,4.6,2387.0,9.65,,,5.0,Gladware,,"B00LO2IRSK (Gladware Everyday - Mini 4oz, Mini Round, 8ct (BBP35043))",[],True,False,True,True,Food Protection,10182.0,B00LO2IRSK,2025-06-23,,,,,
In Stock,ACTIVE,0.21,511.0,7.51,68.0,324.0,5.0,10.0,True,,4.6,2386.0,7.5,,,5.0,Gladware,,"B00LO2IRSK (Gladware Everyday - Mini 4oz, Mini Round, 8ct (BBP35043))",[],True,False,True,True,Food Protection,10253.0,B00LO2IRSK,2025-06-22,,,,,
In Stock,ACTIVE,0.222,443.0,7.5,59.0,266.0,5.0,10.0,True,,4.6,2383.0,7.5,,,6.0,Gladware,,"B00LO2IRSK (Gladware Everyday - Mini 4oz, Mini Round, 8ct (BBP35043))",[],True,False,True,True,Food Protection,10282.0,B00LO2IRSK,2025-06-21,,,,,
In Stock,ACTIVE,0.276,494.0,7.96,62.0,225.0,5.0,10.0,True,,4.6,2381.0,7.98,,,6.0,Gladware,,"B00LO2IRSK (Gladware Everyday - Mini 4oz, Mini Round, 8ct (BBP35043))",[],True,False,True,True,Food Protection,10371.0,B00LO2IRSK,2025-06-20,,,,,
In Stock,ACTIVE,0.25,450.0,7.76,58.0,232.0,5.0,10.0,True,,4.6,2380.0,7.98,,,6.0,Gladware,,"B00LO2IRSK (Gladware Everyday - Mini 4oz, Mini Round, 8ct (BBP35043))",[],True,False,True,True,Food Protection,10404.0,B00LO2IRSK,2025-06-19,,,,,
In Stock,ACTIVE,0.235,377.0,8.02,47.0,200.0,5.0,10.0,True,,4.6,2380.0,7.98,,,5.0,Gladware,,"B00LO2IRSK (Gladware Everyday - Mini 4oz, Mini Round, 8ct (BBP35043))",[],True,False,True,True,Food Protection,10481.0,B00LO2IRSK,2025-06-18,,,,,
In Stock,ACTIVE,0.251,482.0,7.9,61.0,243.0,5.0,10.0,True,,4.6,2380.0,9.65,,,4.0,Gladware,,"B00LO2IRSK (Gladware Everyday - Mini 4oz, Mini Round, 8ct (BBP35043))",[],True,False,True,True,Food Protection,10526.0,B00LO2IRSK,2025-06-17,,,,,
In Stock,ACTIVE,0.15,305.0,9.52,32.0,214.0,5.0,10.0,True,,4.6,2379.0,9.5,,,4.0,Gladware,,"B00LO2IRSK (Gladware Everyday - Mini 4oz, Mini Round, 8ct (BBP35043))",[],True,False,True,True,Food Protection,10547.0,B00LO2IRSK,2025-06-16,,,,,
In Stock,ACTIVE,0.272,416.0,9.45,44.0,162.0,5.0,10.0,True,,4.6,2379.0,9.5,,,5.0,Gladware,,"B00LO2IRSK (Gladware Everyday - Mini 4oz, Mini Round, 8ct (BBP35043))",[],True,False,True,True,Food Protection,10590.0,B00LO2IRSK,2025-06-15,,,,,
In Stock,ACTIVE,0.23,439.0,9.35,47.0,204.0,5.0,10.0,True,,4.6,2379.0,9.31,,,5.0,Gladware,,"B00LO2IRSK (Gladware Everyday - Mini 4oz, Mini Round, 8ct (BBP35043))",[],True,False,True,True,Food Protection,10624.0,B00LO2IRSK,2025-06-14,,,,,
In Stock,ACTIVE,0.138,224.0,9.34,24.0,174.0,5.0,10.0,True,,4.6,2377.0,9.5,,,5.0,Gladware,,"B00LO2IRSK (Gladware Everyday - Mini 4oz, Mini Round, 8ct (BBP35043))",[],True,False,True,True,Food Protection,10672.0,B00LO2IRSK,2025-06-13,,,,,
In Stock,ACTIVE,0.179,290.0,9.37,31.0,173.0,5.0,10.0,True,,4.6,2376.0,9.5,,,5.0,Gladware,,"B00LO2IRSK (Gladware Everyday - Mini 4oz, Mini Round, 8ct (BBP35043))",[],True,False,True,True,Food Protection,10731.0,B00LO2IRSK,2025-06-12,,,,,
In Stock,ACTIVE,0.234,425.0,9.46,45.0,192.0,5.0,10.0,True,,4.6,2375.0,9.5,,,6.0,Gladware,,"B00LO2IRSK (Gladware Everyday - Mini 4oz, Mini Round, 8ct (BBP35043))",[],True,False,True,True,Food Protection,10772.0,B00LO2IRSK,2025-06-11,,,,,
In Stock,ACTIVE,0.194,435.0,9.46,46.0,237.0,5.0,10.0,True,,4.6,2374.0,7.49,,,6.0,Gladware,,"B00LO2IRSK (Gladware Everyday - Mini 4oz, Mini Round, 8ct (BBP35043))",[],True,False,True,True,Food Protection,10844.0,B00LO2IRSK,2025-06-10,,,,,
In Stock,ACTIVE,0.251,494.0,7.49,66.0,263.0,5.0,10.0,True,,4.6,2373.0,7.49,,,6.0,Gladware,,"B00LO2IRSK (Gladware Everyday - Mini 4oz, Mini Round, 8ct (BBP35043))",[],True,False,True,True,Food Protection,10886.0,B00LO2IRSK,2025-06-09,,,,,
In Stock,ACTIVE,0.262,652.0,7.49,87.0,332.0,5.0,10.0,True,,4.6,2372.0,7.49,,,7.0,Gladware,,"B00LO2IRSK (Gladware Everyday - Mini 4oz, Mini Round, 8ct (BBP35043))",[],True,False,True,True,Food Protection,10933.0,B00LO2IRSK,2025-06-08,,,,,
In Stock,ACTIVE,0.207,397.0,7.49,53.0,256.0,5.0,10.0,True,,4.6,2372.0,7.49,,,5.0,Gladware,,"B00LO2IRSK (Gladware Everyday - Mini 4oz, Mini Round, 8ct (BBP35043))",[],True,False,True,True,Food Protection,10963.0,B00LO2IRSK,2025-06-07,,,,,
In Stock,ACTIVE,0.25,389.0,7.49,52.0,208.0,5.0,10.0,True,,4.6,2370.0,7.49,,,8.0,Gladware,,"B00LO2IRSK (Gladware Everyday - Mini 4oz, Mini Round, 8ct (BBP35043))",[],True,False,True,True,Food Protection,11040.0,B00LO2IRSK,2025-06-06,,,,,
In Stock,ACTIVE,0.21,367.0,7.49,49.0,233.0,5.0,10.0,True,,4.6,2369.0,7.49,,,8.0,Gladware,,"B00LO2IRSK (Gladware Everyday - Mini 4oz, Mini Round, 8ct (BBP35043))",[],True,False,True,True,Food Protection,11090.0,B00LO2IRSK,2025-06-05,,,,,
In Stock,ACTIVE,0.299,584.0,7.49,78.0,261.0,5.0,10.0,True,,4.6,2364.0,7.49,,,9.0,Gladware,,"B00LO2IRSK (Gladware Everyday - Mini 4oz, Mini Round, 8ct (BBP35043))",[],True,False,True,True,Food Protection,11169.0,B00LO2IRSK,2025-06-04,,,,,
In Stock,ACTIVE,0.229,449.0,7.49,60.0,262.0,5.0,10.0,True,,4.6,2363.0,7.49,,,10.0,Gladware,,"B00LO2IRSK (Gladware Everyday - Mini 4oz, Mini Round, 8ct (BBP35043))",[],True,False,True,True,Food Protection,11262.0,B00LO2IRSK,2025-06-03,,,,,
In Stock,ACTIVE,0.25,449.0,7.49,60.0,240.0,5.0,10.0,True,,4.6,2361.0,7.49,,,10.0,Gladware,,"B00LO2IRSK (Gladware Everyday - Mini 4oz, Mini Round, 8ct (BBP35043))",[],True,False,True,True,Food Protection,11317.0,B00LO2IRSK,2025-06-02,,,,,
In Stock,ACTIVE,0.232,547.0,7.49,73.0,314.0,5.0,10.0,True,,4.6,2360.0,7.49,,,7.0,Gladware,,"B00LO2IRSK (Gladware Everyday - Mini 4oz, Mini Round, 8ct (BBP35043))",[],True,False,True,True,Food Protection,11401.0,B00LO2IRSK,2025-06-01,,,,,
In Stock,ACTIVE,0.178,322.0,7.49,43.0,242.0,5.0,10.0,True,,4.6,2360.0,7.49,,,7.0,Gladware,,"B00LO2IRSK (Gladware Everyday - Mini 4oz, Mini Round, 8ct (BBP35043))",[],True,False,True,True,Food Protection,11477.0,B00LO2IRSK,2025-05-31,,,,,
In Stock,ACTIVE,0.287,415.0,7.15,58.0,202.0,5.0,10.0,True,,4.6,2356.0,7.49,,,5.0,Gladware,,"B00LO2IRSK (Gladware Everyday - Mini 4oz, Mini Round, 8ct (BBP35043))",[],True,False,True,True,Food Protection,11512.0,B00LO2IRSK,2025-05-30,,,,,
In Stock,ACTIVE,0.188,300.0,7.49,40.0,213.0,5.0,10.0,True,,4.6,2355.0,7.49,,,7.0,Gladware,,"B00LO2IRSK (Gladware Everyday - Mini 4oz, Mini Round, 8ct (BBP35043))",[],True,False,True,True,Food Protection,11557.0,B00LO2IRSK,2025-05-29,,,,,
In Stock,ACTIVE,0.185,395.0,7.45,53.0,286.0,5.0,10.0,True,,4.6,2354.0,7.49,,,8.0,Gladware,,"B00LO2IRSK (Gladware Everyday - Mini 4oz, Mini Round, 8ct (BBP35043))",[],True,False,True,True,Food Protection,11571.0,B00LO2IRSK,2025-05-28,,,,,
In Stock,ACTIVE,0.259,434.0,7.49,58.0,224.0,5.0,10.0,True,,4.6,2354.0,7.49,,,8.0,Gladware,,"B00LO2IRSK (Gladware Everyday - Mini 4oz, Mini Round, 8ct (BBP35043))",[],True,False,True,True,Food Protection,11622.0,B00LO2IRSK,2025-05-27,,,,,
In Stock,ACTIVE,0.286,659.0,7.49,88.0,308.0,5.0,10.0,True,,4.6,2354.0,7.49,,,9.0,Gladware,,"B00LO2IRSK (Gladware Everyday - Mini 4oz, Mini Round, 8ct (BBP35043))",[],True,False,True,True,Food Protection,11696.0,B00LO2IRSK,2025-05-26,,,,,
In Stock,ACTIVE,0.191,397.0,7.49,53.0,277.0,5.0,10.0,True,,4.6,2352.0,7.49,,,9.0,Gladware,,"B00LO2IRSK (Gladware Everyday - Mini 4oz, Mini Round, 8ct (BBP35043))",[],True,False,True,True,Food Protection,11767.0,B00LO2IRSK,2025-05-25,,,,,
In Stock,ACTIVE,0.315,464.0,7.49,62.0,197.0,5.0,10.0,True,,4.6,2352.0,7.49,,,8.0,Gladware,,"B00LO2IRSK (Gladware Everyday - Mini 4oz, Mini Round, 8ct (BBP35043))",[],True,False,True,True,Food Protection,11814.0,B00LO2IRSK,2025-05-24,,,,,
In Stock,ACTIVE,0.202,427.0,7.49,57.0,282.0,5.0,10.0,True,,4.6,2350.0,7.49,,,7.0,Gladware,,"B00LO2IRSK (Gladware Everyday - Mini 4oz, Mini Round, 8ct (BBP35043))",[],True,False,True,True,Food Protection,11893.0,B00LO2IRSK,2025-05-23,,,,,
In Stock,ACTIVE,0.2,404.0,7.49,54.0,270.0,5.0,10.0,True,,4.6,2350.0,7.49,,,7.0,Gladware,,"B00LO2IRSK (Gladware Everyday - Mini 4oz, Mini Round, 8ct (BBP35043))",[],True,False,True,True,Food Protection,11964.0,B00LO2IRSK,2025-05-22,,,,,
In Stock,ACTIVE,0.173,416.0,7.43,56.0,323.0,5.0,10.0,True,,4.6,2349.0,7.49,,,9.0,Gladware,,"B00LO2IRSK (Gladware Everyday - Mini 4oz, Mini Round, 8ct (BBP35043))",[],True,False,True,True,Food Protection,12014.0,B00LO2IRSK,2025-05-21,,,,,
In Stock,ACTIVE,0.148,337.0,7.49,45.0,305.0,5.0,10.0,True,,4.6,2347.0,7.49,,,10.0,Gladware,,"B00LO2IRSK (Gladware Everyday - Mini 4oz, Mini Round, 8ct (BBP35043))",[],True,False,True,True,Food Protection,12073.0,B00LO2IRSK,2025-05-20,,,,,
In Stock,ACTIVE,0.201,498.0,7.44,67.0,334.0,5.0,10.0,True,,4.6,2346.0,7.49,,,11.0,Gladware,,"B00LO2IRSK (Gladware Everyday - Mini 4oz, Mini Round, 8ct (BBP35043))",[],True,False,True,True,Food Protection,12139.0,B00LO2IRSK,2025-05-19,,,,,
In Stock,ACTIVE,0.144,404.0,7.49,54.0,375.0,5.0,10.0,True,,4.6,2345.0,7.49,,,11.0,Gladware,,"B00LO2IRSK (Gladware Everyday - Mini 4oz, Mini Round, 8ct (BBP35043))",[],True,False,True,True,Food Protection,12208.0,B00LO2IRSK,2025-05-18,,,,,
In Stock,ACTIVE,0.211,502.0,7.49,67.0,317.0,5.0,10.0,True,,4.6,2345.0,7.49,,,10.0,Gladware,,"B00LO2IRSK (Gladware Everyday - Mini 4oz, Mini Round, 8ct (BBP35043))",[],True,False,True,True,Food Protection,12264.0,B00LO2IRSK,2025-05-17,,,,,
In Stock,ACTIVE,0.225,414.0,7.13,58.0,258.0,5.0,10.0,True,,4.6,2344.0,7.49,,,9.0,Gladware,,"B00LO2IRSK (Gladware Everyday - Mini 4oz, Mini Round, 8ct (BBP35043))",[],True,False,True,True,Food Protection,12340.0,B00LO2IRSK,2025-05-16,0.0,0.0,0.0,0.0,0.0
In Stock,ACTIVE,0.186,404.0,7.49,54.0,290.0,5.0,10.0,True,,4.6,2344.0,7.49,,,10.0,Gladware,,"B00LO2IRSK (Gladware Everyday - Mini 4oz, Mini Round, 8ct (BBP35043))",[],True,False,True,True,Food Protection,12387.0,B00LO2IRSK,2025-05-15,,,,,
In Stock,ACTIVE,0.178,449.0,7.49,60.0,338.0,5.0,10.0,True,,4.6,2342.0,7.49,,,12.0,Gladware,,"B00LO2IRSK (Gladware Everyday - Mini 4oz, Mini Round, 8ct (BBP35043))",[],True,False,True,True,Food Protection,12448.0,B00LO2IRSK,2025-05-14,,,,,
In Stock,ACTIVE,0.199,387.0,7.31,53.0,267.0,5.0,10.0,True,,4.6,2342.0,7.49,,,11.0,Gladware,,"B00LO2IRSK (Gladware Everyday - Mini 4oz, Mini Round, 8ct (BBP35043))",[],True,False,True,True,Food Protection,12492.0,B00LO2IRSK,2025-05-13,,,,,
In Stock,ACTIVE,0.225,419.0,7.49,56.0,249.0,5.0,10.0,True,,4.6,2341.0,7.49,,,12.0,Gladware,,"B00LO2IRSK (Gladware Everyday - Mini 4oz, Mini Round, 8ct (BBP35043))",[],True,False,True,True,Food Protection,12540.0,B00LO2IRSK,2025-05-12,,,,,
In Stock,ACTIVE,0.2,337.0,7.49,45.0,225.0,5.0,10.0,True,,4.6,2337.0,7.49,,,11.0,Gladware,,"B00LO2IRSK (Gladware Everyday - Mini 4oz, Mini Round, 8ct (BBP35043))",[],True,False,True,True,Food Protection,12561.0,B00LO2IRSK,2025-05-11,,,,,
In Stock,ACTIVE,0.14,187.0,7.49,25.0,179.0,5.0,10.0,True,,4.6,2337.0,7.49,,,11.0,Gladware,,"B00LO2IRSK (Gladware Everyday - Mini 4oz, Mini Round, 8ct (BBP35043))",[],True,False,True,True,Food Protection,12611.0,B00LO2IRSK,2025-05-10,,,,,
In Stock,ACTIVE,0.173,191.0,6.83,28.0,162.0,5.0,10.0,True,,4.6,2337.0,7.49,,,12.0,Gladware,,"B00LO2IRSK (Gladware Everyday - Mini 4oz, Mini Round, 8ct (BBP35043))",[],True,False,True,True,Food Protection,12575.0,B00LO2IRSK,2025-05-09,0.0,0.0,0.0,0.0,0.0
In Stock,ACTIVE,0.192,292.0,7.49,39.0,203.0,5.0,10.0,True,,4.6,2337.0,7.49,,,13.0,Gladware,,"B00LO2IRSK (Gladware Everyday - Mini 4oz, Mini Round, 8ct (BBP35043))",[],True,False,True,True,Food Protection,12606.0,B00LO2IRSK,2025-05-08,,,,,
